[globalcollege.ac.ke/index.html]
[backblue.gif]
[fade.gif]
[index.html]
[globalcollege.ac.ke/wp-content/uploads/2025/08/Global-Background-Image.webp]
[globalcollege.ac.ke/feed]
[globalcollege.ac.ke/comments/feed]
[globalcollege.ac.ke/wp-json/oembed/1.0/embeda46e.json]
[globalcollege.ac.ke/wp-json/oembed/1.0/embed7a9d]
[globalcollege.ac.ke/wp-content/plugins/events-addon-for-elementor/assets/css/niche-frame5152.css]
[globalcollege.ac.ke/wp-content/plugins/elementor/assets/lib/font-awesome/css/font-awesome.min1849.css]
[globalcollege.ac.ke/wp-content/plugins/events-addon-for-elementor/assets/css/animate.minf3df.css]
[globalcollege.ac.ke/wp-content/plugins/events-addon-for-elementor/assets/css/themify-icons.min8a54.css]
[globalcollege.ac.ke/wp-content/plugins/events-addon-for-elementor/assets/css/linea.min8a54.css]
[globalcollege.ac.ke/wp-content/plugins/events-addon-for-elementor/assets/css/magnific-popup.min5152.css]
[globalcollege.ac.ke/wp-content/plugins/events-addon-for-elementor/assets/css/owl.carousel.min531b.css]
[globalcollege.ac.ke/wp-content/plugins/events-addon-for-elementor/assets/css/juxtapose5152.css]
[globalcollege.ac.ke/wp-content/plugins/events-addon-for-elementor/assets/css/stylesef6d.css]
[globalcollege.ac.ke/wp-content/plugins/events-addon-for-elementor/assets/css/responsiveef6d.css]
[globalcollege.ac.ke/wp-content/themes/hello-elementor/assets/css/reset9bf7.css]
[globalcollege.ac.ke/wp-content/themes/hello-elementor/assets/css/theme9bf7.css]
[globalcollege.ac.ke/wp-content/themes/hello-elementor/assets/css/header-footer9bf7.css]
[globalcollege.ac.ke/wp-content/plugins/elementor/assets/css/frontend.mineda1.css]
[globalcollege.ac.ke/wp-content/uploads/elementor/css/post-319f553.css]
[globalcollege.ac.ke/wp-content/plugins/pro-elements/assets/css/widget-nav-menu.mind341.css]
[globalcollege.ac.ke/wp-content/plugins/elementor/assets/css/widget-icon-list.mineda1.css]
[globalcollege.ac.ke/wp-content/plugins/pro-elements/assets/css/widget-search-form.mind341.css]
[globalcollege.ac.ke/wp-content/plugins/elementor/assets/css/widget-image.mineda1.css]
[globalcollege.ac.ke/wp-content/plugins/elementor/assets/css/widget-heading.mineda1.css]
[globalcollege.ac.ke/wp-content/plugins/pro-elements/assets/css/widget-form.mind341.css]
[globalcollege.ac.ke/wp-content/plugins/elementor/assets/css/widget-divider.mineda1.css]
[globalcollege.ac.ke/wp-content/plugins/elementor/assets/css/widget-nested-accordion.mineda1.css]
[globalcollege.ac.ke/wp-content/plugins/pro-elements/assets/css/widget-loop-common.mind341.css]
[globalcollege.ac.ke/wp-content/plugins/pro-elements/assets/css/widget-loop-grid.mind341.css]
[globalcollege.ac.ke/wp-content/uploads/elementor/css/post-2789c40.css]
[globalcollege.ac.ke/wp-content/uploads/elementor/css/post-1399f553.css]
[globalcollege.ac.ke/wp-content/uploads/elementor/css/post-1556f553.css]
[globalcollege.ac.ke/wp-content/plugins/elementskit-lite/widgets/init/assets/css/widget-stylesb526.css]
[globalcollege.ac.ke/wp-content/plugins/elementskit-lite/widgets/init/assets/css/responsiveb526.css]
[globalcollege.ac.ke/wp-content/plugins/skyboot-custom-icons-for-elementor/assets/css/lineariconsf488.css]
[globalcollege.ac.ke/wp-content/plugins/elementskit-lite/modules/elementskit-icon-pack/assets/css/ekiticonsb526.css]
[globalcollege.ac.ke/wp-includes/js/jquery/jquery.minf43b.js]
[globalcollege.ac.ke/wp-includes/js/jquery/jquery-migrate.min5589.js]
[globalcollege.ac.ke/wp-json/wp/v2/pages/278.json]
[globalcollege.ac.ke/wp-json/index.html]
[globalcollege.ac.ke/wp-content/uploads/2025/10/cropped-GTTI-LOGO-32x32.png]
[globalcollege.ac.ke/wp-content/uploads/2025/10/cropped-GTTI-LOGO-192x192.png]
[globalcollege.ac.ke/wp-content/uploads/2025/10/cropped-GTTI-LOGO-180x180.png]
[globalcollege.ac.ke/student-clubs-at-global-technical-college.html]
[globalcollege.ac.ke/global-technical-college-alumni-network.html]
[globalcollege.ac.ke/global-technical-training-college-events.html]
[globalcollege.ac.ke/media-and-downloads.html]
[globalcollege.ac.ke/wp-content/uploads/2025/10/GTTI-LOGO.png]
[globalcollege.ac.ke/college-courses-at-gttc.html]
[globalcollege.ac.ke/technology-courses-in-nairobi-at-global-college.html]
[globalcollege.ac.ke/electrical-engineering-courses-in-kenya.html]
[globalcollege.ac.ke/hospitality-courses-in-kenya-in-kenya.html]
[globalcollege.ac.ke/hairdressing-and-beauty-therapy-courses.html]
[globalcollege.ac.ke/learn-english-programmes-tuition-fees.html]
[globalcollege.ac.ke/business-courses-in-kenya-at-global-college.html]
[globalcollege.ac.ke/about-gttc.html]
[globalcollege.ac.ke/contact-us.html]
[globalcollege.ac.ke/news.html]
[globalcollege.ac.ke/gttc-online-college-application.html]
[globalcollege.ac.ke/wp-content/uploads/2025/08/High-Schoolers.webp]
[globalcollege.ac.ke/wp-content/uploads/2025/08/youthseekingjobs.webp]
[globalcollege.ac.ke/wp-content/uploads/2025/08/Man-learning.webp]
[globalcollege.ac.ke/wp-content/uploads/2026/03/233c7076-239d-4ca2-aa9e-29d6e9b63861-1024x685.webp]
[globalcollege.ac.ke/wp-content/uploads/2026/03/principal-Global-College-1.webp]
[globalcollege.ac.ke/which-college-offers-tourism-and-hospitality.html]
[globalcollege.ac.ke/wp-content/plugins/elementskit-lite/widgets/init/assets/js/widget-scriptsb526.js]
[globalcollege.ac.ke/wp-includes/js/imagesloaded.minbb93.js]
[globalcollege.ac.ke/wp-content/plugins/elementskit-lite/widgets/init/assets/js/jquery.magnific-popup.minb526.js]
[globalcollege.ac.ke/wp-content/plugins/events-addon-for-elementor/assets/js/juxtaposecfa9.js]
[globalcollege.ac.ke/wp-content/plugins/events-addon-for-elementor/assets/js/typed.min3c89.js]
[globalcollege.ac.ke/wp-content/plugins/events-addon-for-elementor/assets/js/owl.carousel.min531b.js]
[globalcollege.ac.ke/wp-content/plugins/events-addon-for-elementor/assets/js/jquery.countdown.min1f22.js]
[globalcollege.ac.ke/wp-content/plugins/events-addon-for-elementor/assets/js/jquery.matchHeight.min230a.js]
[globalcollege.ac.ke/wp-content/plugins/events-addon-for-elementor/assets/js/isotope.min41fe.js]
[globalcollege.ac.ke/wp-content/plugins/events-addon-for-elementor/assets/js/packery-mode.pkgd.min7406.js]
[globalcollege.ac.ke/wp-content/plugins/events-addon-for-elementor/assets/js/theia-sticky-sidebar.minef6d.js]
[globalcollege.ac.ke/wp-content/plugins/events-addon-for-elementor/assets/js/scriptsef6d.js]
[globalcollege.ac.ke/wp-content/themes/hello-elementor/assets/js/hello-frontend9bf7.js]
[globalcollege.ac.ke/wp-content/plugins/pro-elements/assets/lib/smartmenus/jquery.smartmenus.min1576.js]
[globalcollege.ac.ke/wp-content/plugins/elementor/assets/js/webpack.runtime.mineda1.js]
[globalcollege.ac.ke/wp-content/plugins/elementor/assets/js/frontend-modules.mineda1.js]
[globalcollege.ac.ke/wp-includes/js/jquery/ui/core.minb37e.js]
[globalcollege.ac.ke/wp-content/plugins/elementor/assets/js/frontend.mineda1.js]
[globalcollege.ac.ke/wp-content/plugins/pro-elements/assets/js/webpack-pro.runtime.mind341.js]
[globalcollege.ac.ke/wp-includes/js/dist/hooks.min394d.js]
[globalcollege.ac.ke/wp-includes/js/dist/i18n.mineca5.js]
[globalcollege.ac.ke/wp-content/plugins/pro-elements/assets/js/frontend.mind341.js]
[globalcollege.ac.ke/wp-content/plugins/pro-elements/assets/js/elements-handlers.mind341.js]
[globalcollege.ac.ke/wp-content/plugins/events-addon-for-elementor/elementor/js/naevents-elementorbd30.js]
[globalcollege.ac.ke/index.html]
[globalcollege.ac.ke/wp-content/plugins/events-addon-for-elementor/assets/css/niche-frame5152.css]
[globalcollege.ac.ke/wp-content/plugins/events-addon-for-elementor/assets/js/Chart.mind315.js]
[globalcollege.ac.ke/wp-content/plugins/elementor/assets/lib/font-awesome/fonts/fontawesome-webfont3e6e.eot]
[globalcollege.ac.ke/wp-content/plugins/elementor/assets/lib/font-awesome/fonts/fontawesome-webfontd41d.eot]
[globalcollege.ac.ke/wp-content/plugins/elementor/assets/lib/font-awesome/fonts/fontawesome-webfont3e6e.woff2]
[globalcollege.ac.ke/wp-content/plugins/elementor/assets/lib/font-awesome/fonts/fontawesome-webfont3e6e.woff]
[globalcollege.ac.ke/wp-content/plugins/elementor/assets/lib/font-awesome/css/font-awesome.min1849.css]
[globalcollege.ac.ke/wp-content/plugins/events-addon-for-elementor/assets/css/animate.minf3df.css]
[globalcollege.ac.ke/wp-content/plugins/elementor/assets/lib/font-awesome/fonts/fontawesome-webfont3e6e.ttf]
[globalcollege.ac.ke/wp-content/plugins/elementor/assets/lib/font-awesome/fonts/fontawesome-webfont3e6e.svg]
[globalcollege.ac.ke/wp-content/plugins/events-addon-for-elementor/assets/fonts/themify.eot]
[globalcollege.ac.ke/wp-content/plugins/events-addon-for-elementor/assets/fonts/themifyd41d.eot]
[globalcollege.ac.ke/wp-content/plugins/events-addon-for-elementor/assets/fonts/themify.woff]
[globalcollege.ac.ke/wp-content/plugins/events-addon-for-elementor/assets/fonts/themify.ttf]
[globalcollege.ac.ke/wp-content/plugins/events-addon-for-elementor/assets/css/themify-icons.min8a54.css]
[globalcollege.ac.ke/wp-content/plugins/events-addon-for-elementor/assets/fonts/linea-arrows-10.eot]
[globalcollege.ac.ke/wp-content/plugins/events-addon-for-elementor/assets/fonts/themify.svg]
[globalcollege.ac.ke/wp-content/plugins/events-addon-for-elementor/assets/fonts/linea-arrows-10d41d.eot]
[globalcollege.ac.ke/wp-content/plugins/events-addon-for-elementor/assets/fonts/linea-arrows-10.woff]
[globalcollege.ac.ke/wp-content/plugins/events-addon-for-elementor/assets/fonts/linea-arrows-10.ttf]
[globalcollege.ac.ke/wp-content/plugins/events-addon-for-elementor/assets/fonts/linea-arrows-10.svg]
[globalcollege.ac.ke/wp-content/plugins/events-addon-for-elementor/assets/fonts/linea-basic-10.eot]
[globalcollege.ac.ke/wp-content/plugins/events-addon-for-elementor/assets/fonts/linea-basic-10d41d.eot]
[globalcollege.ac.ke/wp-content/plugins/events-addon-for-elementor/assets/fonts/linea-basic-10.woff]
[globalcollege.ac.ke/wp-content/plugins/events-addon-for-elementor/assets/fonts/linea-basic-10.ttf]
[globalcollege.ac.ke/wp-content/plugins/events-addon-for-elementor/assets/fonts/linea-basic-10.svg]
[globalcollege.ac.ke/wp-content/plugins/events-addon-for-elementor/assets/fonts/linea-basic-elaboration-10.eot]
[globalcollege.ac.ke/wp-content/plugins/events-addon-for-elementor/assets/fonts/linea-basic-elaboration-10d41d.eot]
[globalcollege.ac.ke/wp-content/plugins/events-addon-for-elementor/assets/fonts/linea-basic-elaboration-10.woff]
[globalcollege.ac.ke/wp-content/plugins/events-addon-for-elementor/assets/fonts/linea-basic-elaboration-10.ttf]
[globalcollege.ac.ke/wp-content/plugins/events-addon-for-elementor/assets/fonts/linea-basic-elaboration-10.svg]
[globalcollege.ac.ke/wp-content/plugins/events-addon-for-elementor/assets/fonts/linea-ecommerce-10.eot]
[globalcollege.ac.ke/wp-content/plugins/events-addon-for-elementor/assets/fonts/linea-ecommerce-10d41d.eot]
[globalcollege.ac.ke/wp-content/plugins/events-addon-for-elementor/assets/fonts/linea-ecommerce-10.woff]
[globalcollege.ac.ke/wp-content/plugins/events-addon-for-elementor/assets/fonts/linea-ecommerce-10.ttf]
[globalcollege.ac.ke/wp-content/plugins/events-addon-for-elementor/assets/fonts/linea-ecommerce-10.svg]
[globalcollege.ac.ke/wp-content/plugins/events-addon-for-elementor/assets/fonts/linea-music-10.eot]
[globalcollege.ac.ke/wp-content/plugins/events-addon-for-elementor/assets/fonts/linea-music-10d41d.eot]
[globalcollege.ac.ke/wp-content/plugins/events-addon-for-elementor/assets/fonts/linea-music-10.woff]
[globalcollege.ac.ke/wp-content/plugins/events-addon-for-elementor/assets/fonts/linea-music-10.ttf]
[globalcollege.ac.ke/wp-content/plugins/events-addon-for-elementor/assets/fonts/linea-music-10.svg]
[globalcollege.ac.ke/wp-content/plugins/events-addon-for-elementor/assets/fonts/linea-software-10.eot]
[globalcollege.ac.ke/wp-content/plugins/events-addon-for-elementor/assets/fonts/linea-software-10d41d.eot]
[globalcollege.ac.ke/wp-content/plugins/events-addon-for-elementor/assets/fonts/linea-software-10.woff]
[globalcollege.ac.ke/wp-content/plugins/events-addon-for-elementor/assets/fonts/linea-software-10.ttf]
[globalcollege.ac.ke/wp-content/plugins/events-addon-for-elementor/assets/fonts/linea-software-10.svg]
[globalcollege.ac.ke/wp-content/plugins/events-addon-for-elementor/assets/fonts/linea-weather-10.eot]
[globalcollege.ac.ke/wp-content/plugins/events-addon-for-elementor/assets/fonts/linea-weather-10d41d.eot]
[globalcollege.ac.ke/wp-content/plugins/events-addon-for-elementor/assets/fonts/linea-weather-10.woff]
[globalcollege.ac.ke/wp-content/plugins/events-addon-for-elementor/assets/fonts/linea-weather-10.ttf]
[globalcollege.ac.ke/wp-content/plugins/events-addon-for-elementor/assets/fonts/linea-weather-10.svg]
[globalcollege.ac.ke/wp-content/plugins/events-addon-for-elementor/assets/css/linea.min8a54.css]
[globalcollege.ac.ke/wp-content/plugins/events-addon-for-elementor/assets/css/magnific-popup.min5152.css]
[globalcollege.ac.ke/wp-content/plugins/events-addon-for-elementor/assets/css/owl.video.play.png]
[globalcollege.ac.ke/wp-content/plugins/events-addon-for-elementor/assets/css/owl.carousel.min531b.css]
[globalcollege.ac.ke/wp-content/plugins/events-addon-for-elementor/assets/css/juxtapose5152.css]
[globalcollege.ac.ke/wp-content/plugins/events-addon-for-elementor/assets/css/stylesef6d.css]
[globalcollege.ac.ke/wp-content/plugins/events-addon-for-elementor/assets/css/responsiveef6d.css]
[globalcollege.ac.ke/wp-content/themes/hello-elementor/assets/css/reset9bf7.css]
[globalcollege.ac.ke/wp-content/themes/hello-elementor/assets/css/theme9bf7.css]
[globalcollege.ac.ke/wp-content/themes/hello-elementor/assets/css/header-footer9bf7.css]
[globalcollege.ac.ke/wp-content/plugins/elementor/assets/css/frontend.mineda1.css]
[globalcollege.ac.ke/wp-content/uploads/elementor/css/post-319f553.css]
[globalcollege.ac.ke/wp-content/plugins/pro-elements/assets/css/widget-nav-menu.mind341.css]
[globalcollege.ac.ke/wp-content/plugins/elementor/assets/css/widget-icon-list.mineda1.css]
[globalcollege.ac.ke/wp-content/plugins/pro-elements/assets/css/widget-search-form.mind341.css]
[globalcollege.ac.ke/wp-content/plugins/elementor/assets/css/widget-image.mineda1.css]
[globalcollege.ac.ke/wp-content/plugins/elementor/assets/css/widget-heading.mineda1.css]
[globalcollege.ac.ke/wp-content/plugins/pro-elements/assets/css/widget-form.mind341.css]
[globalcollege.ac.ke/wp-content/plugins/elementor/assets/css/widget-divider.mineda1.css]
[globalcollege.ac.ke/wp-content/plugins/elementor/assets/css/widget-nested-accordion.mineda1.css]
[globalcollege.ac.ke/wp-content/plugins/pro-elements/assets/css/widget-loop-common.mind341.css]
[globalcollege.ac.ke/wp-content/plugins/pro-elements/assets/css/widget-loop-grid.mind341.css]
[globalcollege.ac.ke/wp-content/plugins/elementor/assets/lib/animations/styles/fadeInUp.mineda1.css]
[globalcollege.ac.ke/wp-content/uploads/2026/03/college-students.webp]
[globalcollege.ac.ke/wp-content/uploads/2026/03/library.webp]
[globalcollege.ac.ke/wp-content/uploads/2025/09/igcse-student.webp]
[globalcollege.ac.ke/wp-content/uploads/2026/03/student-at-Global-college.webp]
[globalcollege.ac.ke/wp-content/uploads/2026/03/Forza-Black.ttf]
[globalcollege.ac.ke/wp-content/uploads/elementor/css/post-2789c40.css]
[globalcollege.ac.ke/wp-content/uploads/elementor/css/post-1399f553.css]
[globalcollege.ac.ke/wp-content/uploads/elementor/css/post-1556f553.css]
[globalcollege.ac.ke/wp-content/uploads/2026/03/Forza-Bold.ttf]
[globalcollege.ac.ke/wp-content/plugins/elementskit-lite/widgets/init/assets/img/arrow.png]
[globalcollege.ac.ke/wp-content/plugins/elementskit-lite/widgets/init/assets/img/sort_asc.png]
[globalcollege.ac.ke/wp-content/plugins/elementskit-lite/widgets/init/assets/img/sort_desc.png]
[globalcollege.ac.ke/wp-content/plugins/elementskit-lite/widgets/init/assets/img/sort_asc_disabled.png]
[globalcollege.ac.ke/wp-content/plugins/elementskit-lite/widgets/init/assets/img/cross-out.svg]
[globalcollege.ac.ke/wp-content/plugins/elementskit-lite/widgets/init/assets/css/widget-stylesb526.css]
[globalcollege.ac.ke/wp-content/plugins/elementskit-lite/widgets/init/assets/css/responsiveb526.css]
[globalcollege.ac.ke/wp-content/plugins/skyboot-custom-icons-for-elementor/assets/fonts/Linearicons-Free54e9.eot]
[globalcollege.ac.ke/wp-content/plugins/skyboot-custom-icons-for-elementor/assets/fonts/Linearicons-Freed41d.eot]
[globalcollege.ac.ke/wp-content/plugins/skyboot-custom-icons-for-elementor/assets/fonts/Linearicons-Free54e9.woff2]
[globalcollege.ac.ke/wp-content/plugins/skyboot-custom-icons-for-elementor/assets/fonts/Linearicons-Free54e9.woff]
[globalcollege.ac.ke/wp-content/plugins/skyboot-custom-icons-for-elementor/assets/css/lineariconsf488.css]
[globalcollege.ac.ke/wp-content/plugins/skyboot-custom-icons-for-elementor/assets/fonts/Linearicons-Free54e9.ttf]
[globalcollege.ac.ke/wp-content/plugins/skyboot-custom-icons-for-elementor/assets/fonts/Linearicons-Free54e9.svg]
[globalcollege.ac.ke/wp-content/plugins/elementskit-lite/modules/elementskit-icon-pack/assets/fonts/elementskitf60a.woff]
[globalcollege.ac.ke/wp-content/plugins/elementskit-lite/modules/elementskit-icon-pack/assets/css/ekiticonsb526.css]
[globalcollege.ac.ke/xmlrpc0db0.html]
[globalcollege.ac.ke/wp-content/uploads/2025/08/Students-at-Global-college.webp]
[globalcollege.ac.ke/wp-json/oembed/1.0/embed6b46.json]
[globalcollege.ac.ke/wp-json/oembed/1.0/embed4ef0]
[globalcollege.ac.ke/wp-content/uploads/elementor/css/post-792b127.css]
[globalcollege.ac.ke/wp-json/wp/v2/pages/792.json]
[globalcollege.ac.ke/wp-content/plugins/events-addon-for-elementor/elementor/js/naevents-elementor3764.js]
[globalcollege.ac.ke/student-clubs-at-global-technical-college.html]
[globalcollege.ac.ke/wp-content/uploads/2025/08/business-man-1.webp]
[globalcollege.ac.ke/wp-json/oembed/1.0/embed1e90.json]
[globalcollege.ac.ke/wp-json/oembed/1.0/embed08e5]
[globalcollege.ac.ke/wp-content/uploads/elementor/css/post-79084b8.css]
[globalcollege.ac.ke/wp-json/wp/v2/pages/790.json]
[globalcollege.ac.ke/wp-content/plugins/events-addon-for-elementor/elementor/js/naevents-elementore804.js]
[globalcollege.ac.ke/global-technical-college-alumni-network.html]
[globalcollege.ac.ke/wp-content/uploads/2025/08/Events-calender-illustration.webp]
[globalcollege.ac.ke/wp-json/oembed/1.0/embed96bf.json]
[globalcollege.ac.ke/wp-json/oembed/1.0/embeda77c]
[globalcollege.ac.ke/wp-content/uploads/elementor/css/post-794c6c7.css]
[globalcollege.ac.ke/wp-json/wp/v2/pages/794.json]
[globalcollege.ac.ke/wp-content/plugins/events-addon-for-elementor/elementor/js/naevents-elementorad2a.js]
[globalcollege.ac.ke/global-technical-training-college-events.html]
[globalcollege.ac.ke/wp-json/oembed/1.0/embedf6b9.json]
[globalcollege.ac.ke/wp-json/oembed/1.0/embed3afe]
[globalcollege.ac.ke/wp-content/uploads/elementor/css/post-5074a85.css]
[globalcollege.ac.ke/wp-json/wp/v2/pages/507.json]
[globalcollege.ac.ke/wp-content/plugins/events-addon-for-elementor/elementor/js/naevents-elementor3c4f.js]
[globalcollege.ac.ke/media-and-downloads.html]
[globalcollege.ac.ke/wp-json/oembed/1.0/embedb5c4.json]
[globalcollege.ac.ke/wp-json/oembed/1.0/embed2e91]
[globalcollege.ac.ke/wp-content/plugins/pro-elements/assets/css/widget-call-to-action.mind341.css]
[globalcollege.ac.ke/wp-content/plugins/pro-elements/assets/css/conditionals/transitions.mind341.css]
[globalcollege.ac.ke/wp-content/uploads/elementor/css/post-505f2df.css]
[globalcollege.ac.ke/wp-json/wp/v2/pages/505.json]
[globalcollege.ac.ke/wp-content/uploads/2025/08/School-of-Business.webp]
[globalcollege.ac.ke/wp-content/uploads/2025/08/School-of-English.webp]
[globalcollege.ac.ke/wp-content/uploads/2025/08/School-of-hairdressing.webp]
[globalcollege.ac.ke/wp-content/uploads/2025/08/school-of-hospitality.webp]
[globalcollege.ac.ke/wp-content/uploads/2025/08/school-of-electronics.webp]
[globalcollege.ac.ke/wp-content/uploads/2025/08/School-of-ICT.webp]
[globalcollege.ac.ke/wp-content/uploads/2025/08/happy-teenager-learning-1024x682.webp]
[globalcollege.ac.ke/wp-content/plugins/events-addon-for-elementor/elementor/js/naevents-elementorc1ae.js]
[globalcollege.ac.ke/college-courses-at-gttc.html]
[globalcollege.ac.ke/wp-json/oembed/1.0/embeddc91.json]
[globalcollege.ac.ke/wp-json/oembed/1.0/embede7f9]
[globalcollege.ac.ke/wp-includes/css/dist/block-library/style.min8717.css]
[globalcollege.ac.ke/wp-content/uploads/elementor/css/post-567c137.css]
[globalcollege.ac.ke/wp-json/wp/v2/pages/567.json]
[globalcollege.ac.ke/technology-courses-in-nairobi-at-global-college.html]
[globalcollege.ac.ke/wp-content/plugins/events-addon-for-elementor/elementor/js/naevents-elementorb506.js]
[globalcollege.ac.ke/wp-json/oembed/1.0/embed116c.json]
[globalcollege.ac.ke/wp-json/oembed/1.0/embed0a86]
[globalcollege.ac.ke/wp-content/uploads/elementor/css/post-565cbf6.css]
[globalcollege.ac.ke/wp-json/wp/v2/pages/565.json]
[globalcollege.ac.ke/electrical-engineering-courses-in-kenya.html]
[globalcollege.ac.ke/wp-content/plugins/events-addon-for-elementor/elementor/js/naevents-elementora435.js]
[globalcollege.ac.ke/wp-json/oembed/1.0/embed9a59.json]
[globalcollege.ac.ke/wp-json/oembed/1.0/embed2d8c]
[globalcollege.ac.ke/wp-content/uploads/elementor/css/post-563f553.css]
[globalcollege.ac.ke/wp-json/wp/v2/pages/563.json]
[globalcollege.ac.ke/hospitality-courses-in-kenya-in-kenya.html]
[globalcollege.ac.ke/wp-content/plugins/events-addon-for-elementor/elementor/js/naevents-elementorcf9b.js]
[globalcollege.ac.ke/wp-json/oembed/1.0/embed3601.json]
[globalcollege.ac.ke/wp-json/oembed/1.0/embed4a10]
[globalcollege.ac.ke/wp-content/uploads/elementor/css/post-561367c.css]
[globalcollege.ac.ke/wp-json/wp/v2/pages/561.json]
[globalcollege.ac.ke/hairdressing-and-beauty-therapy-courses.html]
[globalcollege.ac.ke/wp-content/plugins/events-addon-for-elementor/elementor/js/naevents-elementoracc0.js]
[globalcollege.ac.ke/wp-json/oembed/1.0/embed4be4.json]
[globalcollege.ac.ke/wp-json/oembed/1.0/embed02b2]
[globalcollege.ac.ke/wp-content/uploads/elementor/css/post-55994fb.css]
[globalcollege.ac.ke/wp-json/wp/v2/pages/559.json]
[globalcollege.ac.ke/learn-english-programmes-tuition-fees.html]
[globalcollege.ac.ke/wp-content/plugins/events-addon-for-elementor/elementor/js/naevents-elementor0b4a.js]
[globalcollege.ac.ke/wp-json/oembed/1.0/embed4ec2.json]
[globalcollege.ac.ke/wp-json/oembed/1.0/embedbdc7]
[globalcollege.ac.ke/wp-content/uploads/elementor/css/post-553fa9b.css]
[globalcollege.ac.ke/wp-json/wp/v2/pages/553.json]
[globalcollege.ac.ke/business-courses-in-kenya-at-global-college.html]
[globalcollege.ac.ke/wp-content/plugins/events-addon-for-elementor/elementor/js/naevents-elementoraa4f.js]
[globalcollege.ac.ke/wp-content/uploads/2026/03/Project-1024x682.webp]
[globalcollege.ac.ke/wp-json/oembed/1.0/embed37c3.json]
[globalcollege.ac.ke/wp-json/oembed/1.0/embed95f8]
[globalcollege.ac.ke/wp-content/plugins/elementor/assets/css/widget-icon-box.mineda1.css]
[globalcollege.ac.ke/wp-content/uploads/elementor/css/post-49090e8.css]
[globalcollege.ac.ke/wp-json/wp/v2/pages/490.json]
[globalcollege.ac.ke/about-gttc.html]
[globalcollege.ac.ke/wp-content/plugins/events-addon-for-elementor/elementor/js/naevents-elementor338c.js]
[globalcollege.ac.ke/wp-json/oembed/1.0/embed6ea8.json]
[globalcollege.ac.ke/wp-json/oembed/1.0/embedf0ec]
[globalcollege.ac.ke/wp-content/plugins/elementor/assets/css/widget-google_maps.mineda1.css]
[globalcollege.ac.ke/wp-content/uploads/elementor/css/post-509f7cc.css]
[globalcollege.ac.ke/wp-json/wp/v2/pages/509.json]
[globalcollege.ac.ke/contact-us.html]
[globalcollege.ac.ke/wp-content/plugins/events-addon-for-elementor/elementor/js/naevents-elementor54a4.js]
[globalcollege.ac.ke/wp-json/oembed/1.0/embed3b59.json]
[globalcollege.ac.ke/wp-json/oembed/1.0/embedd3d8]
[globalcollege.ac.ke/wp-json/wp/v2/pages/1986.json]
[globalcollege.ac.ke/wp-content/plugins/events-addon-for-elementor/elementor/js/naevents-elementorc11c.js]
[globalcollege.ac.ke/news.html]
[globalcollege.ac.ke/wp-json/oembed/1.0/embed6924.json]
[globalcollege.ac.ke/wp-json/oembed/1.0/embed51cb]
[globalcollege.ac.ke/wp-content/uploads/elementor/css/post-5117a9e.css]
[globalcollege.ac.ke/wp-json/wp/v2/pages/511.json]
[globalcollege.ac.ke/wp-content/plugins/elementor/assets/lib/flatpickr/flatpickr.min4e7f.css]
[globalcollege.ac.ke/wp-content/plugins/elementor/assets/lib/flatpickr/flatpickr.min4e7f.js]
[globalcollege.ac.ke/wp-content/plugins/events-addon-for-elementor/elementor/js/naevents-elementor6658.js]
[globalcollege.ac.ke/gttc-online-college-application.html]
[globalcollege.ac.ke/which-college-offers-tourism-and-hospitality/feed]
[globalcollege.ac.ke/wp-json/oembed/1.0/embedb1b2.json]
[globalcollege.ac.ke/wp-json/oembed/1.0/embed71b4]
[globalcollege.ac.ke/wp-content/plugins/pro-elements/assets/css/widget-post-info.mind341.css]
[globalcollege.ac.ke/wp-content/plugins/pro-elements/assets/css/widget-author-box.mind341.css]
[globalcollege.ac.ke/wp-content/uploads/elementor/css/post-1796054e.css]
[globalcollege.ac.ke/wp-json/wp/v2/posts/1190.json]
[globalcollege.ac.ke/author/admin.html]
[globalcollege.ac.ke/food-and-catering-course-global-college.html]
[globalcollege.ac.ke/wp-content/uploads/2026/03/22-300x300.jpg]
[globalcollege.ac.ke/wp-includes/js/comment-reply.min8717.js]
[globalcollege.ac.ke/wp-content/plugins/events-addon-for-elementor/elementor/js/naevents-elementor51d4.js]
[globalcollege.ac.ke/which-college-offers-tourism-and-hospitality.html]
[globalcollege.ac.ke/wp-content/plugins/elementor/assets/lib/font-awesome/fonts/fontawesome-webfont3e6e.svg]
[globalcollege.ac.ke/wp-content/plugins/events-addon-for-elementor/assets/fonts/themify.svg]
[globalcollege.ac.ke/wp-content/plugins/events-addon-for-elementor/assets/fonts/linea-arrows-10.svg]
[globalcollege.ac.ke/wp-content/plugins/events-addon-for-elementor/assets/fonts/linea-basic-10.svg]
[globalcollege.ac.ke/wp-content/plugins/events-addon-for-elementor/assets/fonts/linea-basic-elaboration-10.svg]
[globalcollege.ac.ke/wp-content/plugins/events-addon-for-elementor/assets/fonts/linea-ecommerce-10.svg]
[globalcollege.ac.ke/wp-content/plugins/events-addon-for-elementor/assets/fonts/linea-music-10.svg]
[globalcollege.ac.ke/wp-content/plugins/events-addon-for-elementor/assets/fonts/linea-software-10.svg]
[globalcollege.ac.ke/wp-content/plugins/events-addon-for-elementor/assets/fonts/linea-weather-10.svg]
[globalcollege.ac.ke/wp-content/plugins/events-addon-for-elementor/assets/css/owl.video.play.html]
[globalcollege.ac.ke/wp-content/plugins/elementskit-lite/widgets/init/assets/img/cross-out.svg]
[globalcollege.ac.ke/wp-content/plugins/skyboot-custom-icons-for-elementor/assets/fonts/Linearicons-Free54e9.svg]
[globalcollege.ac.ke/wp-content/uploads/2025/08/Apply-college.webp]
[globalcollege.ac.ke/wp-content/uploads/elementor/css/post-792b127.css]
[globalcollege.ac.ke/indexdfb6.html]
[globalcollege.ac.ke/wp-content/uploads/2026/03/alumni.webp]
[globalcollege.ac.ke/wp-content/uploads/2025/08/People-connecting.webp]
[globalcollege.ac.ke/wp-content/uploads/2025/08/person-in-interview.webp]
[globalcollege.ac.ke/wp-content/uploads/2025/08/Footer-Bg.webp]
[globalcollege.ac.ke/wp-content/uploads/elementor/css/post-79084b8.css]
[globalcollege.ac.ke/index895e.html]
[globalcollege.ac.ke/wp-content/uploads/2026/03/event.webp]
[globalcollege.ac.ke/wp-content/uploads/elementor/css/post-794c6c7.css]
[globalcollege.ac.ke/index3b2d.html]
[globalcollege.ac.ke/wp-content/uploads/2026/03/downloads.webp]
[globalcollege.ac.ke/wp-content/uploads/2025/08/Fees-Stracture.webp]
[globalcollege.ac.ke/wp-content/uploads/elementor/css/post-5074a85.css]
[globalcollege.ac.ke/indexcfe8.html]
[globalcollege.ac.ke/wp-content/plugins/elementor/assets/lib/animations/styles/fadeIn.mineda1.css]
[globalcollege.ac.ke/wp-content/plugins/pro-elements/assets/css/widget-call-to-action.mind341.css]
[globalcollege.ac.ke/wp-content/plugins/pro-elements/assets/css/conditionals/transitions.mind341.css]
[globalcollege.ac.ke/wp-content/uploads/elementor/css/post-505f2df.css]
[globalcollege.ac.ke/index9b9e.html]
[globalcollege.ac.ke/wp-includes/css/dist/block-library/style.min8717.css]
[globalcollege.ac.ke/wp-content/uploads/elementor/css/post-567c137.css]
[globalcollege.ac.ke/index246f.html]
[globalcollege.ac.ke/wp-content/uploads/elementor/css/post-565cbf6.css]
[globalcollege.ac.ke/indexcfab.html]
[globalcollege.ac.ke/wp-content/uploads/2025/09/barista.webp]
[globalcollege.ac.ke/wp-content/uploads/elementor/css/post-563f553.css]
[globalcollege.ac.ke/index03c9.html]
[globalcollege.ac.ke/wp-content/uploads/elementor/css/post-561367c.css]
[globalcollege.ac.ke/index4e57.html]
[globalcollege.ac.ke/wp-content/uploads/elementor/css/post-55994fb.css]
[globalcollege.ac.ke/index45ff.html]
[globalcollege.ac.ke/wp-content/uploads/elementor/css/post-553fa9b.css]
[globalcollege.ac.ke/indexa7b7.html]
[globalcollege.ac.ke/wp-content/plugins/elementor/assets/css/widget-icon-box.mineda1.css]
[globalcollege.ac.ke/wp-content/plugins/elementor/assets/lib/animations/styles/fadeInLeft.mineda1.css]
[globalcollege.ac.ke/wp-content/uploads/elementor/css/post-49090e8.css]
[globalcollege.ac.ke/indexb015.html]
[globalcollege.ac.ke/wp-content/plugins/elementor/assets/css/widget-google_maps.mineda1.css]
[globalcollege.ac.ke/wp-content/uploads/2026/03/image-1.webp]
[globalcollege.ac.ke/wp-content/uploads/elementor/css/post-509f7cc.css]
[globalcollege.ac.ke/index321c.html]
[globalcollege.ac.ke/indexebfe.html]
[globalcollege.ac.ke/wp-content/uploads/2026/03/18.jpg]
[globalcollege.ac.ke/wp-content/uploads/elementor/css/post-5117a9e.css]
[globalcollege.ac.ke/index8e0b.html]
[globalcollege.ac.ke/wp-content/plugins/elementor/assets/lib/flatpickr/flatpickr.min4e7f.css]
[globalcollege.ac.ke/wp-content/plugins/pro-elements/assets/css/widget-post-info.mind341.css]
[globalcollege.ac.ke/wp-content/plugins/pro-elements/assets/css/widget-author-box.mind341.css]
[globalcollege.ac.ke/wp-content/uploads/2026/03/21.jpg]
[globalcollege.ac.ke/wp-content/uploads/elementor/css/post-1796054e.css]
[globalcollege.ac.ke/index0959.html]
[globalcollege.ac.ke/author/admin/feed]
[globalcollege.ac.ke/wp-content/uploads/elementor/css/post-1603161.css]
[globalcollege.ac.ke/wp-json/wp/v2/users/1.json]
[globalcollege.ac.ke/author/admin.html]
[globalcollege.ac.ke/wp-content/plugins/events-addon-for-elementor/elementor/js/naevents-elementor6e81.js]
[globalcollege.ac.ke/wp-content/uploads/2025/08/hospitality-students.jpg]
[globalcollege.ac.ke/wp-json/oembed/1.0/embed32c2.json]
[globalcollege.ac.ke/wp-json/oembed/1.0/embedec3c]
[globalcollege.ac.ke/wp-json/wp/v2/pages/1150.json]
[globalcollege.ac.ke/wp-content/plugins/events-addon-for-elementor/elementor/js/naevents-elementor5d7a.js]
[globalcollege.ac.ke/food-and-catering-course-global-college.html]
[digitalcompass.co.ke/wp-content/uploads/elementor/google-fonts/css/robotof372.css]
[digitalcompass.co.ke/wp-content/uploads/elementor/google-fonts/css/interc165.css]
[globalcollege.ac.ke/wp-content/uploads/elementor/css/post-1603161.css]
[globalcollege.ac.ke/index8b53.html]
[digitalcompass.co.ke/wp-content/uploads/elementor/google-fonts/css/bebasneue1953.css]
